Program
  Function void countdown(n)  [locals 1]
    Block
      While
        Binary >
          Var n  [slot 0]
          Int 0
        Block
          ExprStmt
            Assign n  [slot 0]
              Binary -
                Var n  [slot 0]
                Int 1
      Return
  Function int sign(x)  [locals 1]
    Block
      If
        Binary >
          Var x  [slot 0]
          Int 0
        Return
          Int 1
        Else
          If
            Binary <
              Var x  [slot 0]
              Int 0
            Return
              Unary -
                Int 1
            Else
              Return
                Int 0
  Function int dangling(a, b)  [locals 2]
    Block
      If
        Var a  [slot 0]
        If
          Var b  [slot 1]
          Return
            Int 1
          Else
            Return
              Int 2
      Return
        Int 3
  Function int main()  [locals 2]
    Block
      VarDecl i  [slot 0]
        Int 0
      Empty
      Block
        VarDecl i  [slot 1]
          Int 5
        Block
      While
        Binary <
          Var i  [slot 0]
          Int 3
        ExprStmt
          Assign i  [slot 0]
            Binary +
              Var i  [slot 0]
              Int 1
      ExprStmt
        Call countdown  [fn 0]
          Binary +
            Call sign  [fn 1]
              Unary -
                Int 4
            Call dangling  [fn 2]
              Int 1
              Int 0
      Return
        Var i  [slot 0]
